// Jest Snapshot v1, https://goo.gl/fbAQLP

exports[` test addCategory should match snapshot 1`] = `undefined`;
